pcieadm: filter 'ht.msi' did not match any fields
