pcie.linksts:0x7043
pcieadm: filter 'atelier' did not match any fields
