SHORT                         HUMAN
header0.vendor                Vendor ID
header0.device                Device ID
