

Three Rings for the Elven-kings under the sky,
  Seven for the Dwarf-lords in their halls of stone,
Nine for Mortal Men doomed to die,


Three Rings for the Elven-kings under the sky,
  Seven for the Dwarf-lords in their halls of stone,
Nine for Mortal Men doomed to die,


Three Rings for the Elven-kings under the sky,
  Seven for the Dwarf-lords in their halls of stone,
Nine for Mortal Men doomed to die,
