==> rings.in <==


Three Rings for the Elven-kings under the sky,
  Seven for the Dwarf-lords in their halls of stone
==> rings.in <==


Three Rings for the Elven-kings under the sky,
  Seven for the Dwarf-lords in their halls of stone